../Drivers/STM32WBxx_HAL_Driver/Inc/stm32wbxx_ll_rcc.h:1679:22:LL_RCC_LSE_SetDriveCapability	16	static
../Drivers/STM32WBxx_HAL_Driver/Inc/stm32wbxx_ll_bus.h:539:22:LL_AHB2_GRP1_EnableClock	24	static
../Core/Src/main.c:72:5:_write	24	static
../Core/Src/main.c:77:6:print	16	static
../Core/Src/main.c:86:5:main	112	static
../Core/Src/main.c:145:6:SystemClock_Config	112	static
../Core/Src/main.c:199:6:PeriphCommonClock_Config	88	static
../Core/Src/main.c:224:13:MX_IPCC_Init	8	static
../Core/Src/main.c:250:13:MX_RF_Init	4	static
../Core/Src/main.c:271:13:MX_RTC_Init	8	static
../Core/Src/main.c:314:13:MX_USART1_UART_Init	8	static
../Core/Src/main.c:362:13:MX_GPIO_Init	32	static
../Core/Src/main.c:409:6:HAL_UART_RxCpltCallback	24	static
../Core/Src/main.c:438:6:Error_Handler	4	static,ignoring_inline_asm
